
> frontend@0.0.0 build
> vite build

[36mvite v5.4.21 [32mbuilding for production...[36m[39m
transforming...
[32mΓ£ô[39m 36 modules transformed.
node.exe : [31mx[39m Build failed in 2.44s
At line:1 char:1
+ & "C:\Program Files\nodejs/node.exe" "C:\Program Files\nodejs/node_mo ...
+ ~~~~~~~~~~~~~~~~~~~~~~~~~~~~~~~~~~~~~~~~~~~~~~~~~~~~~~~~~~~~~~~~~~~~~
    + CategoryInfo          : NotSpecified: ([31mx[39m Build failed in 2.44s:String) [], RemoteException
    + FullyQualifiedErrorId : NativeCommandError
 
[31merror during build:
[31m[vite:esbuild] Transform failed with 2 errors:
O:/OneDrive/Business/Development/Whatsapp Api + CRM (19 March 2026)/frontend/src/pages/Tasks.jsx:708:24: ERROR: 
Unexpected closing "div" tag does not match opening fragment tag
O:/OneDrive/Business/Development/Whatsapp Api + CRM (19 March 2026)/frontend/src/pages/Tasks.jsx:709:24: ERROR: 
Unterminated regular expression[31m
file: [36mO:/OneDrive/Business/Development/Whatsapp Api + CRM (19 March 2026)/frontend/src/pages/Tasks.jsx:708:24[31m
[33m
[33mUnexpected closing "div" tag does not match opening fragment tag[33m
706|                             )}
707|                          </div>
708|                        </div>
   |                          ^
709|                    </div>
710|                 );

[33mUnterminated regular expression[33m
707|                          </div>
708|                        </div>
709|                    </div>
   |                          ^
710|                 );
711|              }) : (
[31m
    at failureErrorWithLog (O:\OneDrive\Business\Development\Whatsapp Api + CRM (19 March 
2026)\frontend\node_modules\esbuild\lib\main.js:1472:15)
    at O:\OneDrive\Business\Development\Whatsapp Api + CRM (19 March 
2026)\frontend\node_modules\esbuild\lib\main.js:755:50
    at responseCallbacks.<computed> (O:\OneDrive\Business\Development\Whatsapp Api + CRM (19 March 
2026)\frontend\node_modules\esbuild\lib\main.js:622:9)
    at handleIncomingPacket (O:\OneDrive\Business\Development\Whatsapp Api + CRM (19 March 
2026)\frontend\node_modules\esbuild\lib\main.js:677:12)
    at Socket.readFromStdout (O:\OneDrive\Business\Development\Whatsapp Api + CRM (19 March 
2026)\frontend\node_modules\esbuild\lib\main.js:600:7)
    at Socket.emit (node:events:508:28)
    at addChunk (node:internal/streams/readable:563:12)
    at readableAddChunkPushByteMode (node:internal/streams/readable:514:3)
    at Readable.push (node:internal/streams/readable:394:5)
    at Pipe.onStreamRead (node:internal/stream_base_commons:189:23)[39m
